GCC_3.0 {
  global:
	_Unwind_SetGR;
	__divti3;
	_Unwind_SetIP;
	_Unwind_GetRegionStart;
	__fixunsdfti;
	__subvsi3;
	_Unwind_DeleteException;
	__negti2;
	_Unwind_GetTextRelBase;
	__absvdi2;
	__floattisf;
	_Unwind_GetLanguageSpecificData;
	_Unwind_GetDataRelBase;
	__fixdfti;
	__fixunssfti;
	_Unwind_GetGR;
	__floattidf;
	__negvdi2;
	_Unwind_GetIP;
	_Unwind_ForcedUnwind;
	__fixunsxfti;
	__cmpti2;
	__ffsti2;
	__absvsi2;
	__udivti3;
	__addvdi3;
	__fixsfti;
	__modti3;
	__fixxfti;
	__negvsi2;
	__register_frame_info_table;
	__udivmodti4;
	__multi3;
	__ashlti3;
	__register_frame_info_table_bases;
	__clear_cache;
	__addvsi3;
	_Unwind_Resume;
	__fixunsdfdi;
	__mulvdi3;
	__ucmpti2;
	__register_frame_info_bases;
	_Unwind_RaiseException;
	__deregister_frame_info;
	_Unwind_Find_FDE;
	__register_frame_table;
	__register_frame;
	__ffsdi2;
	__floattixf;
	__umodti3;
	__ashrti3;
	__fixunssfdi;
	__deregister_frame;
	__mulvsi3;
	__register_frame_info;
	__subvdi3;
	__fixunsxfdi;
	__deregister_frame_info_bases;
	__lshrti3;

  local:
	*;
};
GCC_3.3 {
  global:
	_Unwind_GetCFA;
	_Unwind_Backtrace;
	_Unwind_Resume_or_Rethrow;
	_Unwind_FindEnclosingFunction;
} GCC_3.0;
GCC_3.3.1 {
  global:
	__gcc_personality_v0;
} GCC_3.3;
GCC_3.4 {
  global:
	__ctzti2;
	__clzti2;
	__popcountdi2;
	__ctzdi2;
	__parityti2;
	__clzdi2;
	__popcountti2;
	__paritydi2;
} GCC_3.3.1;
GCC_3.4.2 {
  global:
	__enable_execute_stack;
} GCC_3.4;
GCC_3.4.4 {
  global:
	__mulvti3;
	__subvti3;
	__absvti2;
	__negvti2;
	__addvti3;
} GCC_3.4.2;
GCC_4.0.0 {
  global:
	__mulsc3;
	__divxc3;
	__divdc3;
	__divsc3;
	__powixf2;
	__powidf2;
	__mulxc3;
	__muldc3;
	__powisf2;
} GCC_3.4.4;
GCC_4.2.0 {
  global:
	__floatuntisf;
	__floatuntidf;
	_Unwind_GetIPInfo;
	__floatuntixf;
} GCC_4.0.0;
